../Core/Src/main.c:74:6:ADC_Select_CH	32	static
../Core/Src/main.c:242:6:change_pipe	80	static
../Core/Src/main.c:256:6:emergency_mode	72	static
../Core/Src/main.c:291:7:set_timer	56	static
../Core/Src/main.c:285:5:main	80	static
../Core/Src/main.c:381:7:HCSR04_TRIG_PULSE	24	static
../Core/Src/main.c:387:7:read_depth	24	static
../Core/Src/main.c:415:7:reset_outputs	16	static
../Core/Src/main.c:428:7:set_motor	24	static
../Core/Src/main.c:455:7:set_servo	16	static
../Core/Src/main.c:473:7:set_led	16	static
../Core/Src/main.c:498:7:print_diagnostics	48	static
../Core/Src/main.c:850:6:SystemClock_Config	88	static
../Core/Src/main.c:892:13:MX_ADC1_Init	24	static
../Core/Src/main.c:944:13:MX_TIM1_Init	80	static
../Core/Src/main.c:1014:13:MX_TIM3_Init	80	static
../Core/Src/main.c:1086:13:MX_TIM4_Init	48	static
../Core/Src/main.c:1135:13:MX_TIM5_Init	32	static
../Core/Src/main.c:1180:13:MX_USART2_UART_Init	8	static
../Core/Src/main.c:1213:13:MX_USART6_UART_Init	8	static
../Core/Src/main.c:1246:13:MX_GPIO_Init	48	static
../Core/Src/main.c:1315:6:HAL_TIM_IC_CaptureCallback	16	static
../Core/Src/main.c:1337:6:HAL_UART_RxCpltCallback	16	static
../Core/Src/main.c:1345:6:EXTI15_10_IRQHandler	8	static
../Core/Src/main.c:1350:6:HAL_GPIO_EXTI_Callback	16	static
../Core/Src/main.c:1362:6:HAL_TIM_PeriodElapsedCallback	16	static
../Core/Src/main.c:1383:6:Error_Handler	4	static,ignoring_inline_asm
